
> playza-frontend@0.0.0 build
> tsc -b && vite build

src/components/gameFrame/TempleRunFrame.tsx(1,1): error TS6133: 'useEffect' is declared but its value is never read.
src/components/gamePage/LeaderBoardTab.tsx(3,1): error TS6133: 'React' is declared but its value is never read.
src/components/gameSession/SessionActivities.tsx(2,1): error TS6133: 'React' is declared but its value is never read.
src/components/gameSession/SessionLeaderboard.tsx(13,11): error TS6133: 'q' is declared but its value is never read.
src/components/profile/Achievements.tsx(1,1): error TS6133: 'React' is declared but its value is never read.
src/components/registration/ForgotPassword.tsx(2,1): error TS6133: 'React' is declared but its value is never read.
src/components/Tableeee.tsx(9,10): error TS2305: Module '"@/data/games"' has no exported member 'sessionLeaderboardData'.
src/components/Tableeee.tsx(31,38): error TS7006: Parameter 'user' implicitly has an 'any' type.
src/components/transactions/TransactionItem.tsx(2,3): error TS6133: 'MdChevronRight' is declared but its value is never read.
src/components/transactions/TransactionItem.tsx(24,28): error TS6133: 'id' is declared but its value is never read.
src/components/wallet/RecentTransactions.tsx(135,16): error TS2528: A module cannot have multiple default exports.
src/components/wallet/RecentTransactions.tsx(138,16): error TS2528: A module cannot have multiple default exports.
src/components/withdrawal/ReqWithdraw.tsx(2,1): error TS6133: 'React' is declared but its value is never read.
src/pages/Games.tsx(2,1): error TS6133: 'React' is declared but its value is never read.
src/pages/Transactions.tsx(46,9): error TS6133: 'reduceList' is declared but its value is never read.
src/pages/Transactions.tsx(194,16): error TS2528: A module cannot have multiple default exports.
src/pages/Transactions.tsx(196,16): error TS2528: A module cannot have multiple default exports.
